To honour the JVM settings for this build a single-use Daemon process will be forked. For more on this, please refer to https://docs.gradle.org/9.5.0/userguide/gradle_daemon.html#sec:disabling_the_daemon in the Gradle documentation.
Daemon will be stopped at the end of the build 

> Configure project :
Fabric Loom: 1.16.3

> Task :compileJava UP-TO-DATE
> Task :processResources UP-TO-DATE
> Task :classes UP-TO-DATE
> Task :jar UP-TO-DATE
> Task :processIncludeJars UP-TO-DATE
> Task :remapJar UP-TO-DATE
> Task :sourcesJar UP-TO-DATE
> Task :remapSourcesJar UP-TO-DATE
> Task :assemble UP-TO-DATE
> Task :compileTestJava NO-SOURCE
> Task :processTestResources NO-SOURCE
> Task :testClasses UP-TO-DATE
> Task :test NO-SOURCE
> Task :validateAccessWidener NO-SOURCE
> Task :check UP-TO-DATE
> Task :build UP-TO-DATE

BUILD SUCCESSFUL in 7s
7 actionable tasks: 7 up-to-date
